// Jest Snapshot v1, https://goo.gl/fbAQLP

exports[`Options should render correctly 1`] = `
<li
  class="rc-pagination-options"
>
  <div
    class="rc-select rc-pagination-options-size-changer rc-select-single"
  >
    <div
      class="rc-select-content rc-select-content-has-value"
      title="10 条/页"
    >
      10 条/页
      <input
        aria-autocomplete="list"
        aria-expanded="false"
        aria-haspopup="listbox"
        aria-label="页码"
        autocomplete="new-password"
        class="rc-select-input"
        id="test-id"
        readonly=""
        role="combobox"
        type="text"
        value=""
      />
    </div>
  </div>
  <div
    class="rc-pagination-options-quick-jumper"
  >
    跳至
    <input
      aria-label="页"
      type="text"
      value=""
    />
    页
  </div>
</li>
`;
